// Jest Snapshot v1, https://goo.gl/fbAQLP

exports[`Header component renders the header 1`] = `
<DocumentFragment>
  <div
    style="background-color: white; color: black;"
  >
    <div
      class="header"
    >
      <a
        class="link"
        href="/"
      >
        Home Page
      </a>
      <button>
        Click
      </button>
    </div>
  </div>
</DocumentFragment>
`;
