// Jest Snapshot v1, https://goo.gl/fbAQLP

exports[`ListPage component renders list of characters 1`] = `
<DocumentFragment>
  <ul
    data-testid="characters"
  >
    <li>
      <a
        href="/detail/1"
      >
        <img
          alt="someName"
          src="something"
        />
        <h2>
          someName
        </h2>
      </a>
    </li>
    <li>
      <a
        href="/detail/2"
      >
        <img
          alt="someName"
          src="somePhoto"
        />
        <h2>
          someName
        </h2>
      </a>
    </li>
    <li>
      <a
        href="/detail/3"
      >
        <img
          alt="someName"
          src="somePhoto"
        />
        <h2>
          someName
        </h2>
      </a>
    </li>
  </ul>
</DocumentFragment>
`;
